------------------------------------------------------------
TimeQuest Timing Analyzer Summary
------------------------------------------------------------

Type  : Slow 1100mV 85C Model Setup 'clk'
Slack : -0.194
TNS   : -0.447

Type  : Slow 1100mV 85C Model Hold 'clk'
Slack : 0.375
TNS   : 0.000

Type  : Slow 1100mV 85C Model Minimum Pulse Width 'clk'
Slack : -0.394
TNS   : -2.104

Type  : Slow 1100mV 0C Model Setup 'clk'
Slack : -0.228
TNS   : -0.549

Type  : Slow 1100mV 0C Model Hold 'clk'
Slack : 0.382
TNS   : 0.000

Type  : Slow 1100mV 0C Model Minimum Pulse Width 'clk'
Slack : -0.394
TNS   : -2.290

Type  : Fast 1100mV 85C Model Setup 'clk'
Slack : 0.312
TNS   : 0.000

Type  : Fast 1100mV 85C Model Hold 'clk'
Slack : 0.181
TNS   : 0.000

Type  : Fast 1100mV 85C Model Minimum Pulse Width 'clk'
Slack : -0.077
TNS   : -0.305

Type  : Fast 1100mV 0C Model Setup 'clk'
Slack : 0.336
TNS   : 0.000

Type  : Fast 1100mV 0C Model Hold 'clk'
Slack : 0.173
TNS   : 0.000

Type  : Fast 1100mV 0C Model Minimum Pulse Width 'clk'
Slack : -0.077
TNS   : -0.304

------------------------------------------------------------
