------------------------------------------------------------
TimeQuest Timing Analyzer Summary
------------------------------------------------------------

Type  : Slow 1100mV 85C Model Setup 'clk'
Slack : -1.610
TNS   : -24.566

Type  : Slow 1100mV 85C Model Hold 'clk'
Slack : 0.384
TNS   : 0.000

Type  : Slow 1100mV 85C Model Minimum Pulse Width 'clk'
Slack : -0.394
TNS   : -11.135

Type  : Slow 1100mV 0C Model Setup 'clk'
Slack : -1.594
TNS   : -23.979

Type  : Slow 1100mV 0C Model Hold 'clk'
Slack : 0.392
TNS   : 0.000

Type  : Slow 1100mV 0C Model Minimum Pulse Width 'clk'
Slack : -0.394
TNS   : -11.847

Type  : Fast 1100mV 85C Model Setup 'clk'
Slack : -0.475
TNS   : -4.224

Type  : Fast 1100mV 85C Model Hold 'clk'
Slack : 0.184
TNS   : 0.000

Type  : Fast 1100mV 85C Model Minimum Pulse Width 'clk'
Slack : -0.084
TNS   : -1.664

Type  : Fast 1100mV 0C Model Setup 'clk'
Slack : -0.375
TNS   : -2.835

Type  : Fast 1100mV 0C Model Hold 'clk'
Slack : 0.177
TNS   : 0.000

Type  : Fast 1100mV 0C Model Minimum Pulse Width 'clk'
Slack : -0.082
TNS   : -1.653

------------------------------------------------------------
